STUD+01121607@DESKTOP-K6LF0PF MINGW64 /c/inz/repo/inz (main)
$ dir
README.md  nms  python

STUD+01121607@DESKTOP-K6LF0PF MINGW64 /c/inz/repo/inz (main)
$ git status
On branch main
Your branch is up to date with 'origin/main'.

Changes not staged for commit:
  (use "git add <file>..." to update what will be committed)
  (use "git restore <file>..." to discard changes in working directory)
        modified:   nms/app.js
        modified:   python/__pycache__/app.cpython-38.pyc
        modified:   python/app.py
        modified:   python/gui.py

Untracked files:
  (use "git add <file>..." to include in what will be committed)
        python/testlog.txt
        python/untitled.py

no changes added to commit (use "git add" and/or "git commit -a")

STUD+01121607@DESKTOP-K6LF0PF MINGW64 /c/inz/repo/inz (main)
$ git add .

STUD+01121607@DESKTOP-K6LF0PF MINGW64 /c/inz/repo/inz (main)
$ git commit -m "First Stage"
[main 4990fff] First Stage
 Committer: elomaniek <01121607@pw.edu.pl>
Your name and email address were configured automatically based
on your username and hostname. Please check that they are accurate.
You can suppress this message by setting them explicitly:

    git config --global user.name "Your Name"
    git config --global user.email you@example.com

After doing this, you may fix the identity used for this commit with:

    git commit --amend --reset-author

 6 files changed, 295 insertions(+), 21 deletions(-)
 rewrite python/__pycache__/app.cpython-38.pyc (70%)
 create mode 100644 python/testlog.txt
 create mode 100644 python/untitled.py

STUD+01121607@DESKTOP-K6LF0PF MINGW64 /c/inz/repo/inz (main)
$ git push
Enumerating objects: 19, done.
Counting objects: 100% (19/19), done.
Delta compression using up to 8 threads
Compressing objects: 100% (10/10), done.
Writing objects: 100% (11/11), 14.36 KiB | 1.79 MiB/s, done.
Total 11 (delta 6), reused 0 (delta 0), pack-reused 0
remote: Resolving deltas: 100% (6/6), completed with 5 local objects.
To https://github.com/elomaniek/inz
   3b88973..4990fff  main -> main

STUD+01121607@DESKTOP-K6LF0PF MINGW64 /c/inz/repo/inz (main)